SAVScan virus detection utility
Copyright (c) 1989-2017 Sophos Limited. All rights reserved.

System time 19:51:11, System date 10 September 2017

Product version           : 5.38.0
Engine version            : 3.69.2
Virus data version        : 5.43
User interface version    : 2.03.069
Platform                  : Linux/AMD64
Released                  : 22 August 2017
Total viruses (with IDEs) : 13985024
